LOG READY
[2026-01-20 20:29:11] SYSTEM ONLINE
[2026-01-23 15:54:09] ERROR: Undefined array key "effective_rent" in C:\xampp\htdocs\tenant-system\public\payments.php on line 199
[2026-01-23 15:54:09] ERROR: Undefined array key "effective_rent" in C:\xampp\htdocs\tenant-system\public\payments.php on line 199
[2026-01-23 15:54:09] ERROR: Undefined array key "effective_rent" in C:\xampp\htdocs\tenant-system\public\payments.php on line 199
[2026-01-23 15:54:09] ERROR: Undefined array key "effective_rent" in C:\xampp\htdocs\tenant-system\public\payments.php on line 199
[2026-01-23 15:54:09] ERROR: Undefined array key "effective_rent" in C:\xampp\htdocs\tenant-system\public\payments.php on line 199
[2026-01-23 15:54:09] ERROR: Undefined array key "effective_rent" in C:\xampp\htdocs\tenant-system\public\payments.php on line 199
[2026-01-23 15:54:09] ERROR: Undefined array key "effective_rent" in C:\xampp\htdocs\tenant-system\public\payments.php on line 199
[2026-01-23 15:54:09] ERROR: Undefined array key "effective_rent" in C:\xampp\htdocs\tenant-system\public\payments.php on line 199
[2026-01-23 15:54:14] ERROR: Undefined array key "effective_rent" in C:\xampp\htdocs\tenant-system\public\payments.php on line 199
[2026-01-23 15:54:14] ERROR: Undefined array key "effective_rent" in C:\xampp\htdocs\tenant-system\public\payments.php on line 199
[2026-01-23 15:54:14] ERROR: Undefined array key "effective_rent" in C:\xampp\htdocs\tenant-system\public\payments.php on line 199
[2026-01-23 15:54:14] ERROR: Undefined array key "effective_rent" in C:\xampp\htdocs\tenant-system\public\payments.php on line 199
[2026-01-23 15:54:14] ERROR: Undefined array key "effective_rent" in C:\xampp\htdocs\tenant-system\public\payments.php on line 199
[2026-01-23 15:54:14] ERROR: Undefined array key "effective_rent" in C:\xampp\htdocs\tenant-system\public\payments.php on line 199
[2026-01-23 15:54:14] ERROR: Undefined array key "effective_rent" in C:\xampp\htdocs\tenant-system\public\payments.php on line 199
[2026-01-23 15:54:14] ERROR: Undefined array key "effective_rent" in C:\xampp\htdocs\tenant-system\public\payments.php on line 199
[2026-01-23 15:54:15] ERROR: Undefined array key "effective_rent" in C:\xampp\htdocs\tenant-system\public\payments.php on line 199
[2026-01-23 15:54:15] ERROR: Undefined array key "effective_rent" in C:\xampp\htdocs\tenant-system\public\payments.php on line 199
[2026-01-23 15:54:15] ERROR: Undefined array key "effective_rent" in C:\xampp\htdocs\tenant-system\public\payments.php on line 199
[2026-01-23 15:54:15] ERROR: Undefined array key "effective_rent" in C:\xampp\htdocs\tenant-system\public\payments.php on line 199
[2026-01-23 15:54:15] ERROR: Undefined array key "effective_rent" in C:\xampp\htdocs\tenant-system\public\payments.php on line 199
[2026-01-23 15:54:15] ERROR: Undefined array key "effective_rent" in C:\xampp\htdocs\tenant-system\public\payments.php on line 199
[2026-01-23 15:54:15] ERROR: Undefined array key "effective_rent" in C:\xampp\htdocs\tenant-system\public\payments.php on line 199
[2026-01-23 15:54:15] ERROR: Undefined array key "effective_rent" in C:\xampp\htdocs\tenant-system\public\payments.php on line 199
[2026-01-23 15:54:15] ERROR: Undefined array key "effective_rent" in C:\xampp\htdocs\tenant-system\public\payments.php on line 199
[2026-01-23 15:54:15] ERROR: Undefined array key "effective_rent" in C:\xampp\htdocs\tenant-system\public\payments.php on line 199
[2026-01-23 15:54:15] ERROR: Undefined array key "effective_rent" in C:\xampp\htdocs\tenant-system\public\payments.php on line 199
[2026-01-23 15:54:15] ERROR: Undefined array key "effective_rent" in C:\xampp\htdocs\tenant-system\public\payments.php on line 199
[2026-01-23 15:54:15] ERROR: Undefined array key "effective_rent" in C:\xampp\htdocs\tenant-system\public\payments.php on line 199
[2026-01-23 15:54:15] ERROR: Undefined array key "effective_rent" in C:\xampp\htdocs\tenant-system\public\payments.php on line 199
[2026-01-23 15:54:15] ERROR: Undefined array key "effective_rent" in C:\xampp\htdocs\tenant-system\public\payments.php on line 199
[2026-01-23 15:54:15] ERROR: Undefined array key "effective_rent" in C:\xampp\htdocs\tenant-system\public\payments.php on line 199
[2026-01-23 15:54:16] ERROR: Undefined array key "effective_rent" in C:\xampp\htdocs\tenant-system\public\payments.php on line 199
[2026-01-23 15:54:16] ERROR: Undefined array key "effective_rent" in C:\xampp\htdocs\tenant-system\public\payments.php on line 199
[2026-01-23 15:54:16] ERROR: Undefined array key "effective_rent" in C:\xampp\htdocs\tenant-system\public\payments.php on line 199
[2026-01-23 15:54:16] ERROR: Undefined array key "effective_rent" in C:\xampp\htdocs\tenant-system\public\payments.php on line 199
[2026-01-23 15:54:16] ERROR: Undefined array key "effective_rent" in C:\xampp\htdocs\tenant-system\public\payments.php on line 199
[2026-01-23 15:54:16] ERROR: Undefined array key "effective_rent" in C:\xampp\htdocs\tenant-system\public\payments.php on line 199
[2026-01-23 15:54:16] ERROR: Undefined array key "effective_rent" in C:\xampp\htdocs\tenant-system\public\payments.php on line 199
[2026-01-23 15:54:16] ERROR: Undefined array key "effective_rent" in C:\xampp\htdocs\tenant-system\public\payments.php on line 199
[2026-01-23 15:57:52] ERROR: Undefined array key "effective_rent" in C:\xampp\htdocs\tenant-system\public\payments.php on line 199
[2026-01-23 15:57:52] ERROR: Undefined array key "effective_rent" in C:\xampp\htdocs\tenant-system\public\payments.php on line 199
[2026-01-23 15:57:52] ERROR: Undefined array key "effective_rent" in C:\xampp\htdocs\tenant-system\public\payments.php on line 199
[2026-01-23 15:57:52] ERROR: Undefined array key "effective_rent" in C:\xampp\htdocs\tenant-system\public\payments.php on line 199
[2026-01-23 15:57:52] ERROR: Undefined array key "effective_rent" in C:\xampp\htdocs\tenant-system\public\payments.php on line 199
[2026-01-23 15:57:52] ERROR: Undefined array key "effective_rent" in C:\xampp\htdocs\tenant-system\public\payments.php on line 199
[2026-01-23 15:57:52] ERROR: Undefined array key "effective_rent" in C:\xampp\htdocs\tenant-system\public\payments.php on line 199
[2026-01-23 15:57:52] ERROR: Undefined array key "effective_rent" in C:\xampp\htdocs\tenant-system\public\payments.php on line 199
[2026-01-23 15:57:53] ERROR: Undefined array key "effective_rent" in C:\xampp\htdocs\tenant-system\public\payments.php on line 199
[2026-01-23 15:57:53] ERROR: Undefined array key "effective_rent" in C:\xampp\htdocs\tenant-system\public\payments.php on line 199
[2026-01-23 15:57:53] ERROR: Undefined array key "effective_rent" in C:\xampp\htdocs\tenant-system\public\payments.php on line 199
[2026-01-23 15:57:53] ERROR: Undefined array key "effective_rent" in C:\xampp\htdocs\tenant-system\public\payments.php on line 199
[2026-01-23 15:57:53] ERROR: Undefined array key "effective_rent" in C:\xampp\htdocs\tenant-system\public\payments.php on line 199
[2026-01-23 15:57:53] ERROR: Undefined array key "effective_rent" in C:\xampp\htdocs\tenant-system\public\payments.php on line 199
[2026-01-23 15:57:53] ERROR: Undefined array key "effective_rent" in C:\xampp\htdocs\tenant-system\public\payments.php on line 199
[2026-01-23 15:57:53] ERROR: Undefined array key "effective_rent" in C:\xampp\htdocs\tenant-system\public\payments.php on line 199
[2026-01-23 15:58:42] ERROR: Undefined array key "effective_rent" in C:\xampp\htdocs\tenant-system\public\payments.php on line 200
[2026-01-23 15:58:42] ERROR: Undefined array key "effective_rent" in C:\xampp\htdocs\tenant-system\public\payments.php on line 200
[2026-01-23 15:58:42] ERROR: Undefined array key "effective_rent" in C:\xampp\htdocs\tenant-system\public\payments.php on line 200
[2026-01-23 15:58:42] ERROR: Undefined array key "effective_rent" in C:\xampp\htdocs\tenant-system\public\payments.php on line 200
[2026-01-23 15:58:42] ERROR: Undefined array key "effective_rent" in C:\xampp\htdocs\tenant-system\public\payments.php on line 200
[2026-01-23 15:58:42] ERROR: Undefined array key "effective_rent" in C:\xampp\htdocs\tenant-system\public\payments.php on line 200
[2026-01-23 15:58:42] ERROR: Undefined array key "effective_rent" in C:\xampp\htdocs\tenant-system\public\payments.php on line 200
[2026-01-23 15:58:42] ERROR: Undefined array key "effective_rent" in C:\xampp\htdocs\tenant-system\public\payments.php on line 200
[2026-01-23 17:02:16] ERROR: Undefined array key "role" in C:\xampp\htdocs\tenant-system\public\login.php on line 29
[2026-01-23 17:11:02] EXCEPTION: SQLSTATE[HY000]: General error: 1 no such column: p.month in C:\xampp\htdocs\tenant-system\public\tenant_filter.php on line 40
[2026-01-23 17:27:30] ERROR: Undefined array key "role" in C:\xampp\htdocs\tenant-system\public\login.php on line 29
[2026-01-23 17:38:41] EXCEPTION: Call to undefined function defaultRoomTypes() in C:\xampp\htdocs\tenant-system\public\payments.php on line 161
[2026-01-23 17:39:16] EXCEPTION: Call to undefined function defaultRoomTypes() in C:\xampp\htdocs\tenant-system\public\payments.php on line 161
[2026-01-23 17:39:16] EXCEPTION: Call to undefined function defaultRoomTypes() in C:\xampp\htdocs\tenant-system\public\payments.php on line 161
[2026-01-23 17:39:17] EXCEPTION: Call to undefined function defaultRoomTypes() in C:\xampp\htdocs\tenant-system\public\payments.php on line 161
[2026-01-25 18:54:06] ERROR: Undefined array key "role" in C:\xampp\htdocs\tenant-system\public\login.php on line 29
[2026-01-25 18:54:31] EXCEPTION: Call to undefined function defaultRoomTypes() in C:\xampp\htdocs\tenant-system\public\payments.php on line 161
[2026-01-25 19:17:01] EXCEPTION: SQLSTATE[HY000]: General error: 1 no such column: rt.default_rent in C:\xampp\htdocs\tenant-system\public\tenant_filter.php on line 99
[2026-01-26 17:00:56] ERROR: Undefined array key "role" in C:\xampp\htdocs\tenant-system\public\login.php on line 29
[2026-02-11 20:13:56] ERROR: Undefined array key "role" in C:\xampp\htdocs\tenant-system\public\login.php on line 29
[2026-02-11 20:17:38] EXCEPTION: SQLSTATE[HY000]: General error: 1 no such column: rt.default_rent in C:\xampp\htdocs\tenant-system\public\tenant_filter.php on line 99
[2026-02-11 20:17:52] EXCEPTION: SQLSTATE[HY000]: General error: 1 no such column: rt.default_rent in C:\xampp\htdocs\tenant-system\public\tenant_filter.php on line 99
[2026-02-11 20:31:21] EXCEPTION: SQLSTATE[HY000]: General error: 1 no such column: rt.default_rent in C:\xampp\htdocs\tenant-system\public\tenant_filter.php on line 99
[2026-02-11 20:36:35] EXCEPTION: Call to undefined function defaultRoomTypes() in C:\xampp\htdocs\tenant-system\public\payments.php on line 161
[2026-02-11 20:37:22] EXCEPTION: Call to undefined function defaultRoomTypes() in C:\xampp\htdocs\tenant-system\public\payments.php on line 161
[2026-02-11 20:44:20] EXCEPTION: Call to undefined function defaultRoomTypes() in C:\xampp\htdocs\tenant-system\public\payments.php on line 200
[2026-02-11 20:44:31] EXCEPTION: Call to undefined function defaultRoomTypes() in C:\xampp\htdocs\tenant-system\public\payments.php on line 200
[2026-02-11 20:56:57] ERROR: htmlspecialchars(): Passing null to parameter #1 ($string) of type string is deprecated in C:\xampp\htdocs\tenant-system\public\reports.php on line 216
[2026-02-11 20:56:57] ERROR: htmlspecialchars(): Passing null to parameter #1 ($string) of type string is deprecated in C:\xampp\htdocs\tenant-system\public\reports.php on line 216
[2026-02-11 20:58:26] EXCEPTION: Call to undefined function requireCaretaker() in C:\xampp\htdocs\tenant-system\public\caretaker_overdue.php on line 6
[2026-02-11 21:19:51] ERROR: Undefined array key "role" in C:\xampp\htdocs\tenant-system\public\login.php on line 29
[2026-02-11 22:33:23] ERROR: htmlspecialchars(): Passing null to parameter #1 ($string) of type string is deprecated in C:\xampp\htdocs\tenant-system\public\reports.php on line 216
[2026-02-11 22:33:23] ERROR: htmlspecialchars(): Passing null to parameter #1 ($string) of type string is deprecated in C:\xampp\htdocs\tenant-system\public\reports.php on line 216
[2026-02-11 22:33:23] ERROR: htmlspecialchars(): Passing null to parameter #1 ($string) of type string is deprecated in C:\xampp\htdocs\tenant-system\public\reports.php on line 216
[2026-02-11 22:33:23] ERROR: htmlspecialchars(): Passing null to parameter #1 ($string) of type string is deprecated in C:\xampp\htdocs\tenant-system\public\reports.php on line 216
[2026-02-11 22:33:23] ERROR: htmlspecialchars(): Passing null to parameter #1 ($string) of type string is deprecated in C:\xampp\htdocs\tenant-system\public\reports.php on line 216
[2026-02-11 22:33:23] ERROR: htmlspecialchars(): Passing null to parameter #1 ($string) of type string is deprecated in C:\xampp\htdocs\tenant-system\public\reports.php on line 216
[2026-02-11 22:33:23] ERROR: htmlspecialchars(): Passing null to parameter #1 ($string) of type string is deprecated in C:\xampp\htdocs\tenant-system\public\reports.php on line 216
[2026-08-28 17:24:25] FATAL: Cannot declare class PaymentService, because the name is already in use in C:\xampp\htdocs\tenant-system\services\PaymentService.php on line 139
[2026-08-28 17:24:38] FATAL: Cannot declare class PaymentService, because the name is already in use in C:\xampp\htdocs\tenant-system\services\PaymentService.php on line 139
[2026-08-28 17:24:39] FATAL: Cannot declare class PaymentService, because the name is already in use in C:\xampp\htdocs\tenant-system\services\PaymentService.php on line 139
[2026-08-28 17:43:07] FATAL: Cannot declare class PaymentService, because the name is already in use in C:\xampp\htdocs\tenant-system\services\PaymentService.php on line 139
[2026-09-03 09:42:30] EXCEPTION: Class "Dotenv\Dotenv" not found in C:\xampp\htdocs\tenant-system\public\remind.php on line 45
[2026-09-04 01:43:35] ERROR: Undefined array key "full_name" in C:\xampp\htdocs\tenant-system\public\payments.php on line 139
[2026-09-04 03:55:06] EXCEPTION: strtotime(): Argument #1 ($datetime) must be of type string, int given in C:\xampp\htdocs\tenant-system\public\audit_logs.php on line 233
[2026-09-04 03:55:59] ERROR: A non-numeric value encountered in C:\xampp\htdocs\tenant-system\public\audit_logs.php on line 232
[2026-09-04 03:55:59] ERROR: A non-numeric value encountered in C:\xampp\htdocs\tenant-system\public\audit_logs.php on line 232
[2026-09-04 03:55:59] ERROR: A non-numeric value encountered in C:\xampp\htdocs\tenant-system\public\audit_logs.php on line 232
[2026-09-04 03:55:59] ERROR: A non-numeric value encountered in C:\xampp\htdocs\tenant-system\public\audit_logs.php on line 232
[2026-09-04 03:55:59] ERROR: A non-numeric value encountered in C:\xampp\htdocs\tenant-system\public\audit_logs.php on line 232
[2026-09-04 03:55:59] ERROR: A non-numeric value encountered in C:\xampp\htdocs\tenant-system\public\audit_logs.php on line 232
[2026-09-04 03:55:59] ERROR: A non-numeric value encountered in C:\xampp\htdocs\tenant-system\public\audit_logs.php on line 232
[2026-09-04 03:55:59] ERROR: A non-numeric value encountered in C:\xampp\htdocs\tenant-system\public\audit_logs.php on line 232
[2026-09-04 03:55:59] ERROR: A non-numeric value encountered in C:\xampp\htdocs\tenant-system\public\audit_logs.php on line 232
[2026-09-04 03:55:59] ERROR: A non-numeric value encountered in C:\xampp\htdocs\tenant-system\public\audit_logs.php on line 232
[2026-09-04 03:55:59] ERROR: A non-numeric value encountered in C:\xampp\htdocs\tenant-system\public\audit_logs.php on line 232
[2026-09-04 03:55:59] ERROR: A non-numeric value encountered in C:\xampp\htdocs\tenant-system\public\audit_logs.php on line 232
[2026-09-04 03:55:59] ERROR: A non-numeric value encountered in C:\xampp\htdocs\tenant-system\public\audit_logs.php on line 232
[2026-09-04 03:55:59] ERROR: A non-numeric value encountered in C:\xampp\htdocs\tenant-system\public\audit_logs.php on line 232
[2026-09-04 03:55:59] ERROR: A non-numeric value encountered in C:\xampp\htdocs\tenant-system\public\audit_logs.php on line 232
[2026-09-04 03:55:59] ERROR: A non-numeric value encountered in C:\xampp\htdocs\tenant-system\public\audit_logs.php on line 232
[2026-09-04 03:55:59] ERROR: A non-numeric value encountered in C:\xampp\htdocs\tenant-system\public\audit_logs.php on line 232
[2026-09-04 03:55:59] ERROR: A non-numeric value encountered in C:\xampp\htdocs\tenant-system\public\audit_logs.php on line 232
[2026-09-04 03:55:59] ERROR: A non-numeric value encountered in C:\xampp\htdocs\tenant-system\public\audit_logs.php on line 232
[2026-09-04 03:55:59] ERROR: A non-numeric value encountered in C:\xampp\htdocs\tenant-system\public\audit_logs.php on line 232
[2026-09-04 03:55:59] ERROR: A non-numeric value encountered in C:\xampp\htdocs\tenant-system\public\audit_logs.php on line 232
[2026-09-04 03:55:59] ERROR: A non-numeric value encountered in C:\xampp\htdocs\tenant-system\public\audit_logs.php on line 232
[2026-09-04 03:55:59] ERROR: A non-numeric value encountered in C:\xampp\htdocs\tenant-system\public\audit_logs.php on line 232
[2026-09-04 03:55:59] ERROR: A non-numeric value encountered in C:\xampp\htdocs\tenant-system\public\audit_logs.php on line 232
[2026-09-04 03:55:59] ERROR: A non-numeric value encountered in C:\xampp\htdocs\tenant-system\public\audit_logs.php on line 232
[2026-09-08 19:41:11] FATAL: session_start(): Ignoring session_start() because a session is already active in C:\xampp\htdocs\tenant-system\public\reports.php on line 4
[2026-09-09 19:24:17] ERROR: Undefined array key "id" in C:\xampp\htdocs\tenant-system\public\tenant_control.php on line 100
[2026-09-11 09:21:25] ERROR: Undefined array key "id" in C:\xampp\htdocs\tenant-system\public\tenant_control.php on line 170
[2026-09-11 09:48:56] ERROR: Undefined array key "id" in C:\xampp\htdocs\tenant-system\public\tenant_control.php on line 170
[2026-09-11 20:35:03] EXCEPTION: SQLSTATE[HY000]: General error: 1 no such column: al.admin_id in C:\xampp\htdocs\tenant-system\public\audit_logs.php on line 41
